// Jest Snapshot v1, https://goo.gl/fbAQLP

exports[`snapshot test 1`] = `
<table
  className="chessboard"
>
  <tbody>
    <tr>
      <td>
        8
      </td>
      <td
        className="dark"
        onClick={[Function]}
      />
      <td
        className="light"
        onClick={[Function]}
      />
      <td
        className="dark"
        onClick={[Function]}
      />
      <td
        className="light"
        onClick={[Function]}
      />
      <td
        className="dark"
        onClick={[Function]}
      />
      <td
        className="light"
        onClick={[Function]}
      />
      <td
        className="dark"
        onClick={[Function]}
      />
      <td
        className="light"
        onClick={[Function]}
      />
    </tr>
    <tr>
      <td>
        7
      </td>
      <td
        className="light"
        onClick={[Function]}
      />
      <td
        className="dark"
        onClick={[Function]}
      />
      <td
        className="light"
        onClick={[Function]}
      >
        <img
          alt=""
          src="black-piece.svg"
        />
      </td>
      <td
        className="dark"
        onClick={[Function]}
      />
      <td
        className="light"
        onClick={[Function]}
      />
      <td
        className="dark"
        onClick={[Function]}
      />
      <td
        className="light"
        onClick={[Function]}
      >
        <img
          alt=""
          src="black-queen.svg"
        />
      </td>
      <td
        className="dark"
        onClick={[Function]}
      />
    </tr>
    <tr>
      <td>
        6
      </td>
      <td
        className="dark"
        onClick={[Function]}
      />
      <td
        className="light"
        onClick={[Function]}
      />
      <td
        className="dark"
        onClick={[Function]}
      />
      <td
        className="light"
        onClick={[Function]}
      >
        <img
          alt=""
          src="black-piece.svg"
        />
      </td>
      <td
        className="dark"
        onClick={[Function]}
      />
      <td
        className="light"
        onClick={[Function]}
      />
      <td
        className="dark"
        onClick={[Function]}
      />
      <td
        className="light"
        onClick={[Function]}
      />
    </tr>
    <tr>
      <td>
        5
      </td>
      <td
        className="light"
        onClick={[Function]}
      />
      <td
        className="dark"
        onClick={[Function]}
      />
      <td
        className="light"
        onClick={[Function]}
      />
      <td
        className="dark"
        onClick={[Function]}
      />
      <td
        className="light"
        onClick={[Function]}
      >
        <img
          alt=""
          src="black-queen.svg"
        />
      </td>
      <td
        className="dark"
        onClick={[Function]}
      />
      <td
        className="light"
        onClick={[Function]}
      >
        <img
          alt=""
          src="white-queen.svg"
        />
      </td>
      <td
        className="dark"
        onClick={[Function]}
      />
    </tr>
    <tr>
      <td>
        4
      </td>
      <td
        className="dark"
        onClick={[Function]}
      />
      <td
        className="light"
        onClick={[Function]}
      />
      <td
        className="dark"
        onClick={[Function]}
      />
      <td
        className="light"
        onClick={[Function]}
      />
      <td
        className="dark"
        onClick={[Function]}
      />
      <td
        className="light"
        onClick={[Function]}
      />
      <td
        className="dark"
        onClick={[Function]}
      />
      <td
        className="light"
        onClick={[Function]}
      />
    </tr>
    <tr>
      <td>
        3
      </td>
      <td
        className="light"
        onClick={[Function]}
      />
      <td
        className="dark"
        onClick={[Function]}
      />
      <td
        className="light"
        onClick={[Function]}
      />
      <td
        className="dark"
        onClick={[Function]}
      />
      <td
        className="light"
        onClick={[Function]}
      />
      <td
        className="dark"
        onClick={[Function]}
      />
      <td
        className="light"
        onClick={[Function]}
      />
      <td
        className="dark"
        onClick={[Function]}
      />
    </tr>
    <tr>
      <td>
        2
      </td>
      <td
        className="dark"
        onClick={[Function]}
      />
      <td
        className="light"
        onClick={[Function]}
      />
      <td
        className="dark"
        onClick={[Function]}
      />
      <td
        className="light"
        onClick={[Function]}
      />
      <td
        className="dark"
        onClick={[Function]}
      />
      <td
        className="light"
        onClick={[Function]}
      />
      <td
        className="dark"
        onClick={[Function]}
      />
      <td
        className="light"
        onClick={[Function]}
      />
    </tr>
    <tr>
      <td>
        1
      </td>
      <td
        className="light"
        onClick={[Function]}
      >
        <img
          alt=""
          src="white-piece.svg"
        />
      </td>
      <td
        className="dark"
        onClick={[Function]}
      />
      <td
        className="light"
        onClick={[Function]}
      >
        <img
          alt=""
          src="white-piece.svg"
        />
      </td>
      <td
        className="dark"
        onClick={[Function]}
      />
      <td
        className="light"
        onClick={[Function]}
      />
      <td
        className="dark"
        onClick={[Function]}
      />
      <td
        className="light"
        onClick={[Function]}
      />
      <td
        className="dark"
        onClick={[Function]}
      />
    </tr>
    <tr>
      <td />
      <td>
        A
      </td>
      <td>
        B
      </td>
      <td>
        C
      </td>
      <td>
        D
      </td>
      <td>
        E
      </td>
      <td>
        F
      </td>
      <td>
        G
      </td>
      <td>
        H
      </td>
    </tr>
  </tbody>
</table>
`;
