// Jest Snapshot v1, https://goo.gl/fbAQLP

exports[`snapshot test 1`] = `
<div
  className="Game"
>
  <table
    className="chessboard"
  >
    <tbody>
      <tr>
        <td>
          1
        </td>
        <td
          className="light"
          onClick={[Function]}
        />
        <td
          className="dark"
          onClick={[Function]}
        />
        <td
          className="light"
          onClick={[Function]}
        />
        <td
          className="dark"
          onClick={[Function]}
        />
        <td
          className="light"
          onClick={[Function]}
        />
        <td
          className="dark"
          onClick={[Function]}
        />
        <td
          className="light"
          onClick={[Function]}
        />
        <td
          className="dark"
          onClick={[Function]}
        />
      </tr>
      <tr>
        <td>
          2
        </td>
        <td
          className="dark"
          onClick={[Function]}
        />
        <td
          className="light"
          onClick={[Function]}
        />
        <td
          className="dark"
          onClick={[Function]}
        />
        <td
          className="light"
          onClick={[Function]}
        />
        <td
          className="dark"
          onClick={[Function]}
        />
        <td
          className="light"
          onClick={[Function]}
        />
        <td
          className="dark"
          onClick={[Function]}
        />
        <td
          className="light"
          onClick={[Function]}
        />
      </tr>
      <tr>
        <td>
          3
        </td>
        <td
          className="light"
          onClick={[Function]}
        />
        <td
          className="dark"
          onClick={[Function]}
        />
        <td
          className="light"
          onClick={[Function]}
        />
        <td
          className="dark"
          onClick={[Function]}
        />
        <td
          className="light"
          onClick={[Function]}
        />
        <td
          className="dark"
          onClick={[Function]}
        />
        <td
          className="light"
          onClick={[Function]}
        />
        <td
          className="dark"
          onClick={[Function]}
        />
      </tr>
      <tr>
        <td>
          4
        </td>
        <td
          className="dark"
          onClick={[Function]}
        />
        <td
          className="light"
          onClick={[Function]}
        />
        <td
          className="dark"
          onClick={[Function]}
        />
        <td
          className="light"
          onClick={[Function]}
        />
        <td
          className="dark"
          onClick={[Function]}
        />
        <td
          className="light"
          onClick={[Function]}
        />
        <td
          className="dark"
          onClick={[Function]}
        />
        <td
          className="light"
          onClick={[Function]}
        />
      </tr>
      <tr>
        <td>
          5
        </td>
        <td
          className="light"
          onClick={[Function]}
        />
        <td
          className="dark"
          onClick={[Function]}
        />
        <td
          className="light"
          onClick={[Function]}
        />
        <td
          className="dark"
          onClick={[Function]}
        />
        <td
          className="light"
          onClick={[Function]}
        />
        <td
          className="dark"
          onClick={[Function]}
        />
        <td
          className="light"
          onClick={[Function]}
        />
        <td
          className="dark"
          onClick={[Function]}
        />
      </tr>
      <tr>
        <td>
          6
        </td>
        <td
          className="dark"
          onClick={[Function]}
        />
        <td
          className="light"
          onClick={[Function]}
        />
        <td
          className="dark"
          onClick={[Function]}
        />
        <td
          className="light"
          onClick={[Function]}
        />
        <td
          className="dark"
          onClick={[Function]}
        />
        <td
          className="light"
          onClick={[Function]}
        />
        <td
          className="dark"
          onClick={[Function]}
        />
        <td
          className="light"
          onClick={[Function]}
        />
      </tr>
      <tr>
        <td>
          7
        </td>
        <td
          className="light"
          onClick={[Function]}
        />
        <td
          className="dark"
          onClick={[Function]}
        />
        <td
          className="light"
          onClick={[Function]}
        />
        <td
          className="dark"
          onClick={[Function]}
        />
        <td
          className="light"
          onClick={[Function]}
        />
        <td
          className="dark"
          onClick={[Function]}
        />
        <td
          className="light"
          onClick={[Function]}
        />
        <td
          className="dark"
          onClick={[Function]}
        />
      </tr>
      <tr>
        <td>
          8
        </td>
        <td
          className="dark"
          onClick={[Function]}
        />
        <td
          className="light"
          onClick={[Function]}
        />
        <td
          className="dark"
          onClick={[Function]}
        />
        <td
          className="light"
          onClick={[Function]}
        />
        <td
          className="dark"
          onClick={[Function]}
        />
        <td
          className="light"
          onClick={[Function]}
        />
        <td
          className="dark"
          onClick={[Function]}
        />
        <td
          className="light"
          onClick={[Function]}
        />
      </tr>
      <tr>
        <td />
        <td>
          A
        </td>
        <td>
          B
        </td>
        <td>
          C
        </td>
        <td>
          D
        </td>
        <td>
          E
        </td>
        <td>
          F
        </td>
        <td>
          G
        </td>
        <td>
          H
        </td>
      </tr>
    </tbody>
  </table>
  <div
    id="chat"
  >
    <div>
      <p
        className="MuiTypography-root MuiTypography-body1"
      >
        : 
      </p>
      <p
        className="MuiTypography-root MuiTypography-body1"
      >
        : 
      </p>
      <p
        className="MuiTypography-root MuiTypography-body1"
      >
        : 
      </p>
    </div>
    <div
      className="MuiFormControl-root MuiTextField-root"
      onKeyDown={[Function]}
    >
      <label
        className="MuiFormLabel-root MuiInputLabel-root MuiInputLabel-formControl MuiInputLabel-animated"
        data-shrink={false}
      >
        Message
      </label>
      <div
        className="MuiInputBase-root MuiInput-root MuiInput-underline MuiInputBase-formControl MuiInput-formControl"
        onClick={[Function]}
      >
        <input
          aria-invalid={false}
          autoFocus={false}
          className="MuiInputBase-input MuiInput-input"
          disabled={false}
          onAnimationStart={[Function]}
          onBlur={[Function]}
          onChange={[Function]}
          onFocus={[Function]}
          required={false}
          type="text"
        />
      </div>
    </div>
  </div>
</div>
`;
